// Jest Snapshot v1, https://goo.gl/fbAQLP

exports[`defaultTitles should create a title with an icon 1`] = `
<span>
  <Memo(VisualiseIcon)
    sourceView={false}
  />
  <span
    style={
      Object {
        "marginLeft": "3px",
      }
    }
  >
    dave
  </span>
</span>
`;
