// Jest Snapshot v1, https://goo.gl/fbAQLP

exports[`SaveBarErrors should render an error message 1`] = `
.c0 {
  top: 2.4rem;
  position: absolute;
  right: 30px;
  left: 25px;
}

<div
  className="c0"
>
  <div
    className="alert alert-danger alert-dismissible"
    role="alert"
  >
    <button
      aria-label="Close"
      className="close"
      data-dismiss="alert"
      onClick={[Function]}
      type="button"
    >
      <span
        aria-hidden="true"
      >
        Ã—
      </span>
    </button>
    Hello World
  </div>
</div>
`;
