// Jest Snapshot v1, https://goo.gl/fbAQLP

exports[`VisualiseIcon should render small icon 1`] = `
.c0 {
  height: 30px;
}

<img
  alt="Correlation"
  className="c0"
  src="test-file-stub"
/>
`;
